36.74.181.72 - - [02/Jan/2015:18:58:25 -0500] "GET /wp-content/themes//decoder/lib/js/supersubs.js HTTP/1.1" 200 3617 "http://jonathas.com/" "Mozilla/5.0 (Windows NT 6.1; WOW64) AppleWebKit/537.36 (KHTML, like Gecko) Chrome/36.0.1985.143 Safari/537.36"
36.74.181.72 - - [02/Jan/2015:18:58:25 -0500] "GET /wp-content/uploads/shadowbox-js/src/shadowbox.css?ver=3.0.3 HTTP/1.1" 200 2320 "http://jonathas.com/" "Mozilla/5.0 (Windows NT 6.1; WOW64) AppleWebKit/537.36 (KHTML, like Gecko) Chrome/36.0.1985.143 Safari/537.36"
36.74.181.72 - - [02/Jan/2015:18:58:25 -0500] "GET /wp-content/plugins/shadowbox-js/css/extras.css?ver=3.0.3.10 HTTP/1.1" 200 472 "http://jonathas.com/" "Mozilla/5.0 (Windows NT 6.1; WOW64) AppleWebKit/537.36 (KHTML, like Gecko) Chrome/36.0.1985.143 Safari/537.36"
36.74.181.72 - - [02/Jan/2015:18:58:25 -0500] "GET /wp-content/plugins/contact-form-7/includes/css/styles.css?ver=4.0.1 HTTP/1.1" 200 1423 "http://jonathas.com/" "Mozilla/5.0 (Windows NT 6.1; WOW64) AppleWebKit/537.36 (KHTML, like Gecko) Chrome/36.0.1985.143 Safari/537.36"
36.74.181.72 - - [02/Jan/2015:18:58:25 -0500] "GET /wp-content/plugins/tubepress/src/main/web/css/tubepress.css?ver=4.0.1 HTTP/1.1" 200 4792 "http://jonathas.com/" "Mozilla/5.0 (Windows NT 6.1; WOW64) AppleWebKit/537.36 (KHTML, like Gecko) Chrome/36.0.1985.143 Safari/537.36"
36.74.181.72 - - [02/Jan/2015:18:58:25 -0500] "GET /wp-content/plugins/jetpack/css/jetpack.css?ver=3.2 HTTP/1.1" 200 53249 "http://jonathas.com/" "Mozilla/5.0 (Windows NT 6.1; WOW64) AppleWebKit/537.36 (KHTML, like Gecko) Chrome/36.0.1985.143 Safari/537.36"
36.74.181.72 - - [02/Jan/2015:18:58:25 -0500] "GET /wp-content/plugins/no-ie-welcome/noie.css?ver=4.0.1 HTTP/1.1" 200 729 "http://jonathas.com/" "Mozilla/5.0 (Windows NT 6.1; WOW64) AppleWebKit/537.36 (KHTML, like Gecko) Chrome/36.0.1985.143 Safari/537.36"
36.74.181.72 - - [02/Jan/2015:18:58:25 -0500] "GET /wp-content/plugins/wp-stats/stats-css.css?ver=2.50 HTTP/1.1" 200 2053 "http://jonathas.com/" "Mozilla/5.0 (Windows NT 6.1; WOW64) AppleWebKit/537.36 (KHTML, like Gecko) Chrome/36.0.1985.143 Safari/537.36"
36.74.181.72 - - [02/Jan/2015:18:58:25 -0500] "GET /wp-includes/js/jquery/jquery-migrate.min.js?ver=1.2.1 HTTP/1.1" 200 7518 "http://jonathas.com/" "Mozilla/5.0 (Windows NT 6.1; WOW64) AppleWebKit/537.36 (KHTML, like Gecko) Chrome/36.0.1985.143 Safari/537.36"
36.74.181.72 - - [02/Jan/2015:18:58:25 -0500] "GET /wp-includes/js/jquery/jquery.js?ver=1.11.1 HTTP/1.1" 200 96126 "http://jonathas.com/" "Mozilla/5.0 (Windows NT 6.1; WOW64) AppleWebKit/537.36 (KHTML, like Gecko) Chrome/36.0.1985.143 Safari/537.36"
36.74.181.72 - - [02/Jan/2015:18:58:26 -0500] "GET /wp-content/plugins/jquery-lightbox-balupton-edition/scripts/jquery.lightbox.min.js?ver=1.4.9 HTTP/1.1" 200 22994 "http://jonathas.com/" "Mozilla/5.0 (Windows NT 6.1; WOW64) AppleWebKit/537.36 (KHTML, like Gecko) Chrome/36.0.1985.143 Safari/537.36"
36.74.181.72 - - [02/Jan/2015:18:58:26 -0500] "GET /wp-content/plugins/jquery-lightbox-balupton-edition/scripts/jquery.lightbox.plugin.min.js?ver=1.0 HTTP/1.1" 200 575 "http://jonathas.com/" "Mozilla/5.0 (Windows NT 6.1; WOW64) AppleWebKit/537.36 (KHTML, like Gecko) Chrome/36.0.1985.143 Safari/537.36"
36.74.181.72 - - [02/Jan/2015:18:58:26 -0500] "GET /wp-content/plugins/tubepress/src/main/web/js/tubepress.js?ver=4.0.1 HTTP/1.1" 200 5610 "http://jonathas.com/" "Mozilla/5.0 (Windows NT 6.1; WOW64) AppleWebKit/537.36 (KHTML, like Gecko) Chrome/36.0.1985.143 Safari/537.36"
36.74.181.72 - - [02/Jan/2015:18:58:26 -0500] "GET /wp-content/plugins/wordpress-code-snippet/scripts/shCore.js HTTP/1.1" 200 19967 "http://jonathas.com/" "Mozilla/5.0 (Windows NT 6.1; WOW64) AppleWebKit/537.36 (KHTML, like Gecko) Chrome/36.0.1985.143 Safari/537.36"
36.74.181.72 - - [02/Jan/2015:18:58:26 -0500] "GET /wp-content/plugins/wordpress-code-snippet/styles/shCore.css HTTP/1.1" 200 7186 "http://jonathas.com/" "Mozilla/5.0 (Windows NT 6.1; WOW64) AppleWebKit/537.36 (KHTML, like Gecko) Chrome/36.0.1985.143 Safari/537.36"
36.74.181.72 - - [02/Jan/2015:18:58:26 -0500] "GET /wp-content/plugins/wordpress-code-snippet/styles/shThemeDefault.css HTTP/1.1" 200 3676 "http://jonathas.com/" "Mozilla/5.0 (Windows NT 6.1; WOW64) AppleWebKit/537.36 (KHTML, like Gecko) Chrome/36.0.1985.143 Safari/537.36"
36.74.181.72 - - [02/Jan/2015:18:58:26 -0500] "GET /wp-content/plugins/syntaxhighlighter2/files/shCore.css HTTP/1.1" 200 7186 "http://jonathas.com/" "Mozilla/5.0 (Windows NT 6.1; WOW64) AppleWebKit/537.36 (KHTML, like Gecko) Chrome/36.0.1985.143 Safari/537.36"
36.74.181.72 - - [02/Jan/2015:18:58:26 -0500] "GET /wp-content/plugins/syntaxhighlighter2/files/shThemeDefault.css HTTP/1.1" 200 3676 "http://jonathas.com/" "Mozilla/5.0 (Windows NT 6.1; WOW64) AppleWebKit/537.36 (KHTML, like Gecko) Chrome/36.0.1985.143 Safari/537.36"
36.74.181.72 - - [02/Jan/2015:18:58:26 -0500] "GET /wp-content/uploads/shadowbox-js/3127eaded490136b0312be18eec12387.js?ver=3.0.3 HTTP/1.1" 200 42188 "http://jonathas.com/" "Mozilla/5.0 (Windows NT 6.1; WOW64) AppleWebKit/537.36 (KHTML, like Gecko) Chrome/36.0.1985.143 Safari/537.36"
36.74.181.72 - - [02/Jan/2015:18:58:26 -0500] "GET /wp-includes/js/comment-reply.min.js?ver=4.0.1 HTTP/1.1" 200 1074 "http://jonathas.com/" "Mozilla/5.0 (Windows NT 6.1; WOW64) AppleWebKit/537.36 (KHTML, like Gecko) Chrome/36.0.1985.143 Safari/537.36"
36.74.181.72 - - [02/Jan/2015:18:58:26 -0500] "GET /wp-content/plugins/jetpack/modules/photon/photon.js?ver=20130122 HTTP/1.1" 200 1696 "http://jonathas.com/" "Mozilla/5.0 (Windows NT 6.1; WOW64) AppleWebKit/537.36 (KHTML, like Gecko) Chrome/36.0.1985.143 Safari/537.36"
36.74.181.72 - - [02/Jan/2015:18:58:27 -0500] "GET /wp-content/plugins/contact-form-7/includes/js/jquery.form.min.js?ver=3.51.0-2014.06.20 HTTP/1.1" 200 15567 "http://jonathas.com/" "Mozilla/5.0 (Windows NT 6.1; WOW64) AppleWebKit/537.36 (KHTML, like Gecko) Chrome/36.0.1985.143 Safari/537.36"
36.74.181.72 - - [02/Jan/2015:18:58:27 -0500] "GET /wp-content/plugins/contact-form-7/includes/js/scripts.js?ver=4.0.1 HTTP/1.1" 200 9976 "http://jonathas.com/" "Mozilla/5.0 (Windows NT 6.1; WOW64) AppleWebKit/537.36 (KHTML, like Gecko) Chrome/36.0.1985.143 Safari/537.36"
36.74.181.72 - - [02/Jan/2015:18:58:27 -0500] "GET /wp-content/plugins/jetpack/modules/wpgroho.js?ver=4.0.1 HTTP/1.1" 200 1276 "http://jonathas.com/" "Mozilla/5.0 (Windows NT 6.1; WOW64) AppleWebKit/537.36 (KHTML, like Gecko) Chrome/36.0.1985.143 Safari/537.36"
36.74.181.72 - - [02/Jan/2015:18:58:27 -0500] "GET /wp-content/plugins/syntaxhighlighter2/files/shCore.js HTTP/1.1" 200 19967 "http://jonathas.com/" "Mozilla/5.0 (Windows NT 6.1; WOW64) AppleWebKit/537.36 (KHTML, like Gecko) Chrome/36.0.1985.143 Safari/537.36"
36.74.181.72 - - [02/Jan/2015:18:58:27 -0500] "GET /wp-includes/images/rss.png HTTP/1.1" 200 913 "http://jonathas.com/" "Mozilla/5.0 (Windows NT 6.1; WOW64) AppleWebKit/537.36 (KHTML, like Gecko) Chrome/36.0.1985.143 Safari/537.36"
36.74.181.72 - - [02/Jan/2015:18:58:27 -0500] "GET /wp-content/themes/decoder/img/creativecommons.png HTTP/1.1" 200 5045 "http://jonathas.com/" "Mozilla/5.0 (Windows NT 6.1; WOW64) AppleWebKit/537.36 (KHTML, like Gecko) Chrome/36.0.1985.143 Safari/537.36"
36.74.181.72 - - [02/Jan/2015:18:58:27 -0500] "GET /wp-content/themes//decoder/img/bg-body-blue.png HTTP/1.1" 200 487 "http://jonathas.com/" "Mozilla/5.0 (Windows NT 6.1; WOW64) AppleWebKit/537.36 (KHTML, like Gecko) Chrome/36.0.1985.143 Safari/537.36"
36.74.181.72 - - [02/Jan/2015:18:58:27 -0500] "GET /wp-content/themes//decoder/img/bg-header.jpg HTTP/1.1" 200 12340 "http://jonathas.com/" "Mozilla/5.0 (Windows NT 6.1; WOW64) AppleWebKit/537.36 (KHTML, like Gecko) Chrome/36.0.1985.143 Safari/537.36"
36.74.181.72 - - [02/Jan/2015:18:58:27 -0500] "GET /wp-content/themes//decoder/img/bg-menu-hover-blue.png HTTP/1.1" 200 458 "http://jonathas.com/" "Mozilla/5.0 (Windows NT 6.1; WOW64) AppleWebKit/537.36 (KHTML, like Gecko) Chrome/36.0.1985.143 Safari/537.36"
36.74.181.72 - - [02/Jan/2015:18:58:27 -0500] "GET /wp-content/themes//decoder/img/bg-content.gif HTTP/1.1" 200 361 "http://jonathas.com/" "Mozilla/5.0 (Windows NT 6.1; WOW64) AppleWebKit/537.36 (KHTML, like Gecko) Chrome/36.0.1985.143 Safari/537.36"
36.74.181.72 - - [02/Jan/2015:18:58:27 -0500] "GET /wp-content/themes//decoder/img/bg-box-right.gif HTTP/1.1" 200 346 "http://jonathas.com/" "Mozilla/5.0 (Windows NT 6.1; WOW64) AppleWebKit/537.36 (KHTML, like Gecko) Chrome/36.0.1985.143 Safari/537.36"
36.74.181.72 - - [02/Jan/2015:18:58:27 -0500] "GET /wp-content/themes//decoder/img/bg-form-input.png HTTP/1.1" 200 438 "http://jonathas.com/" "Mozilla/5.0 (Windows NT 6.1; WOW64) AppleWebKit/537.36 (KHTML, like Gecko) Chrome/36.0.1985.143 Safari/537.36"
36.74.181.72 - - [02/Jan/2015:18:58:27 -0500] "GET /wp-content/themes//decoder/img/bg-form-submit-blue.png HTTP/1.1" 200 555 "http://jonathas.com/" "Mozilla/5.0 (Windows NT 6.1; WOW64) AppleWebKit/537.36 (KHTML, like Gecko) Chrome/36.0.1985.143 Safari/537.36"
36.74.181.72 - - [02/Jan/2015:18:58:28 -0500] "GET /wp-content/themes//decoder/img/bg-list-item-sidebar-blue.gif HTTP/1.1" 200 357 "http://jonathas.com/" "Mozilla/5.0 (Windows NT 6.1; WOW64) AppleWebKit/537.36 (KHTML, like Gecko) Chrome/36.0.1985.143 Safari/537.36"
36.74.181.72 - - [02/Jan/2015:18:58:28 -0500] "GET /wp-content/themes//decoder/img/bg-footer-wrap-blue.png HTTP/1.1" 200 454 "http://jonathas.com/" "Mozilla/5.0 (Windows NT 6.1; WOW64) AppleWebKit/537.36 (KHTML, like Gecko) Chrome/36.0.1985.143 Safari/537.36"
36.74.181.72 - - [02/Jan/2015:18:58:28 -0500] "GET /wp-content/plugins/jquery-lightbox-balupton-edition/images/loading.gif HTTP/1.1" 200 4295 "http://jonathas.com/" "Mozilla/5.0 (Windows NT 6.1; WOW64) AppleWebKit/537.36 (KHTML, like Gecko) Chrome/36.0.1985.143 Safari/537.36"
36.74.181.72 - - [02/Jan/2015:18:58:28 -0500] "GET /wp-content/plugins/jquery-lightbox-balupton-edition/images/prev.gif HTTP/1.1" 200 1569 "http://jonathas.com/" "Mozilla/5.0 (Windows NT 6.1; WOW64) AppleWebKit/537.36 (KHTML, like Gecko) Chrome/36.0.1985.143 Safari/537.36"
36.74.181.72 - - [02/Jan/2015:18:58:28 -0500] "GET /wp-content/plugins/jquery-lightbox-balupton-edition/images/next.gif HTTP/1.1" 200 1557 "http://jonathas.com/" "Mozilla/5.0 (Windows NT 6.1; WOW64) AppleWebKit/537.36 (KHTML, like Gecko) Chrome/36.0.1985.143 Safari/537.36"
36.74.181.72 - - [02/Jan/2015:18:58:28 -0500] "GET /wp-content/plugins/jquery-lightbox-balupton-edition/images/blank.gif HTTP/1.1" 200 346 "http://jonathas.com/" "Mozilla/5.0 (Windows NT 6.1; WOW64) AppleWebKit/537.36 (KHTML, like Gecko) Chrome/36.0.1985.143 Safari/537.36"
36.74.181.72 - - [02/Jan/2015:18:58:28 -0500] "GET /wp-content/plugins/jquery-lightbox-balupton-edition/styles/jquery.lightbox.min.css HTTP/1.1" 200 2637 "http://jonathas.com/" "Mozilla/5.0 (Windows NT 6.1; WOW64) AppleWebKit/537.36 (KHTML, like Gecko) Chrome/36.0.1985.143 Safari/537.36"
193.104.41.186 - - [02/Jan/2015:19:03:15 -0500] "GET /wp-login.php HTTP/1.1" 200 5411 "-" "Mozilla/5.0 (Windows NT 5.1; rv:29.0) Gecko/20100101 Firefox/29.0"
193.104.41.186 - - [02/Jan/2015:19:03:16 -0500] "POST /wp-login.php HTTP/1.1" 200 6348 "-" "Mozilla/5.0 (Windows NT 5.1; rv:29.0) Gecko/20100101 Firefox/29.0"
193.104.41.186 - - [02/Jan/2015:19:18:09 -0500] "POST /wp-login.php HTTP/1.1" 200 5632 "-" "Mozilla/5.0 (Windows NT 5.1; rv:29.0) Gecko/20100101 Firefox/29.0"
216.92.155.49 - - [02/Jan/2015:19:18:10 -0500] "POST /wp-cron.php?doing_wp_cron=1420244289.8669610023498535156250 HTTP/1.0" 200 124 "-" "WordPress/4.0.1; http://jonathas.com"
88.198.56.239 - - [02/Jan/2015:19:19:48 -0500] "GET /2009/02/14/jude-a-ide-para-modelagem-uml-no-linux/ HTTP/1.1" 404 17811 "-" "Mozilla/5.0 (Windows NT 6.1; rv:12.0) Gecko/ 20120405 Firefox/14.0.1"
193.104.41.186 - - [02/Jan/2015:19:23:14 -0500] "POST /wp-login.php HTTP/1.1" 200 5632 "-" "Mozilla/5.0 (Windows NT 5.1; rv:29.0) Gecko/20100101 Firefox/29.0"
146.0.73.135 - - [02/Jan/2015:19:28:04 -0500] "GET /wp-login.php HTTP/1.1" 200 5411 "-" "Mozilla/4.0"
146.0.73.135 - - [02/Jan/2015:19:28:05 -0500] "POST /wp-login.php HTTP/1.1" 200 6240 "http://jonathas.com/wp-login.php" "Mozilla/4.0"
66.249.64.179 - - [02/Jan/2015:19:42:02 -0500] "GET /feed/ HTTP/1.1" 304 188 "-" "Mozilla/5.0 (compatible; Googlebot/2.1; +http://www.google.com/bot.html)"
193.104.41.186 - - [02/Jan/2015:19:43:17 -0500] "GET /wp-login.php HTTP/1.1" 200 5411 "-" "Mozilla/5.0 (Windows NT 5.1; rv:29.0) Gecko/20100101 Firefox/29.0"
193.104.41.186 - - [02/Jan/2015:19:43:17 -0500] "POST /wp-login.php HTTP/1.1" 200 6348 "-" "Mozilla/5.0 (Windows NT 5.1; rv:29.0) Gecko/20100101 Firefox/29.0"
66.249.64.171 - - [02/Jan/2015:19:49:02 -0500] "GET /feed/ HTTP/1.1" 304 188 "-" "Mozilla/5.0 (compatible; Googlebot/2.1; +http://www.google.com/bot.html)"
54.162.93.60 - - [02/Jan/2015:19:54:54 -0500] "GET /feed/ HTTP/1.1" 304 132 "-" "Mozilla/5.0 (compatible; FlipboardRSS/1.1; +http://flipboard.com/browserproxy)"
193.104.41.186 - - [02/Jan/2015:19:58:16 -0500] "POST /wp-login.php HTTP/1.1" 200 5632 "-" "Mozilla/5.0 (Windows NT 5.1; rv:29.0) Gecko/20100101 Firefox/29.0"
193.104.41.186 - - [02/Jan/2015:20:03:26 -0500] "GET /wp-login.php HTTP/1.1" 200 5411 "-" "Mozilla/5.0 (Windows NT 5.1; rv:29.0) Gecko/20100101 Firefox/29.0"
193.104.41.186 - - [02/Jan/2015:20:03:27 -0500] "POST /wp-login.php HTTP/1.1" 200 6348 "-" "Mozilla/5.0 (Windows NT 5.1; rv:29.0) Gecko/20100101 Firefox/29.0"
216.92.155.49 - - [02/Jan/2015:20:18:28 -0500] "POST /wp-cron.php?doing_wp_cron=1420247907.8604779243469238281250 HTTP/1.0" 200 124 "-" "WordPress/4.0.1; http://jonathas.com"
193.104.41.186 - - [02/Jan/2015:20:18:27 -0500] "POST /wp-login.php HTTP/1.1" 200 5632 "-" "Mozilla/5.0 (Windows NT 5.1; rv:29.0) Gecko/20100101 Firefox/29.0"
66.249.64.179 - - [02/Jan/2015:20:21:08 -0500] "GET /projects/ HTTP/1.1" 200 53943 "-" "Mozilla/5.0 (compatible; Googlebot/2.1; +http://www.google.com/bot.html)"
193.104.41.186 - - [02/Jan/2015:20:23:32 -0500] "GET /wp-login.php HTTP/1.1" 200 5411 "-" "Mozilla/5.0 (Windows NT 5.1; rv:29.0) Gecko/20100101 Firefox/29.0"
193.104.41.186 - - [02/Jan/2015:20:23:33 -0500] "POST /wp-login.php HTTP/1.1" 200 6348 "-" "Mozilla/5.0 (Windows NT 5.1; rv:29.0) Gecko/20100101 Firefox/29.0"
146.0.78.9 - - [02/Jan/2015:20:26:59 -0500] "GET /wp-login.php HTTP/1.1" 200 5411 "-" "Mozilla/4.0"
146.0.78.9 - - [02/Jan/2015:20:27:00 -0500] "POST /wp-login.php HTTP/1.1" 200 6240 "http://jonathas.com/wp-login.php" "Mozilla/4.0"
193.104.41.186 - - [02/Jan/2015:20:38:32 -0500] "POST /wp-login.php HTTP/1.1" 200 5632 "-" "Mozilla/5.0 (Windows NT 5.1; rv:29.0) Gecko/20100101 Firefox/29.0"
66.249.64.175 - - [02/Jan/2015:20:41:10 -0500] "GET /feed/ HTTP/1.1" 304 188 "-" "Mozilla/5.0 (compatible; Googlebot/2.1; +http://www.google.com/bot.html)"
66.249.64.179 - - [02/Jan/2015:20:42:45 -0500] "GET /feed/ HTTP/1.1" 304 188 "-" "Mozilla/5.0 (compatible; Googlebot/2.1; +http://www.google.com/bot.html)"
193.104.41.186 - - [02/Jan/2015:21:03:43 -0500] "GET /wp-login.php HTTP/1.1" 200 5411 "-" "Mozilla/5.0 (Windows NT 5.1; rv:29.0) Gecko/20100101 Firefox/29.0"
193.104.41.186 - - [02/Jan/2015:21:03:44 -0500] "POST /wp-login.php HTTP/1.1" 200 6348 "-" "Mozilla/5.0 (Windows NT 5.1; rv:29.0) Gecko/20100101 Firefox/29.0"
216.92.155.49 - - [02/Jan/2015:21:17:42 -0500] "POST /wp-cron.php?doing_wp_cron=1420251462.7361528873443603515625 HTTP/1.0" 200 124 "-" "WordPress/4.0.1; http://jonathas.com"
46.39.85.211 - - [02/Jan/2015:21:17:42 -0500] "GET /wp-login.php HTTP/1.1" 200 5411 "-" "Mozilla/5.0 (Windows NT 5.1; rv:29.0) Gecko/20100101 Firefox/29.0"
46.39.85.211 - - [02/Jan/2015:21:17:43 -0500] "POST /wp-login.php HTTP/1.1" 200 6295 "-" "Mozilla/5.0 (Windows NT 5.1; rv:29.0) Gecko/20100101 Firefox/29.0"
193.104.41.186 - - [02/Jan/2015:21:18:43 -0500] "POST /wp-login.php HTTP/1.1" 200 5632 "-" "Mozilla/5.0 (Windows NT 5.1; rv:29.0) Gecko/20100101 Firefox/29.0"
66.249.64.171 - - [02/Jan/2015:21:19:56 -0500] "GET /tag/mysql/ HTTP/1.1" 200 51257 "-" "Mozilla/5.0 (compatible; Googlebot/2.1; +http://www.google.com/bot.html)"
216.92.155.49 - - [02/Jan/2015:21:19:57 -0500] "POST /wp-cron.php?doing_wp_cron=1420251597.3265960216522216796875 HTTP/1.0" 200 124 "-" "WordPress/4.0.1; http://jonathas.com"
5.39.221.39 - - [02/Jan/2015:21:23:36 -0500] "GET /wp-login.php HTTP/1.1" 200 5411 "-" "Mozilla/4.0"
5.39.221.39 - - [02/Jan/2015:21:23:36 -0500] "POST /wp-login.php HTTP/1.1" 200 6240 "http://jonathas.com/wp-login.php" "Mozilla/4.0"
193.104.41.186 - - [02/Jan/2015:21:23:50 -0500] "GET /wp-login.php HTTP/1.1" 200 5411 "-" "Mozilla/5.0 (Windows NT 5.1; rv:29.0) Gecko/20100101 Firefox/29.0"
193.104.41.186 - - [02/Jan/2015:21:23:51 -0500] "POST /wp-login.php HTTP/1.1" 200 6348 "-" "Mozilla/5.0 (Windows NT 5.1; rv:29.0) Gecko/20100101 Firefox/29.0"
66.249.64.175 - - [02/Jan/2015:21:46:14 -0500] "GET /feed/ HTTP/1.1" 304 188 "-" "Mozilla/5.0 (compatible; Googlebot/2.1; +http://www.google.com/bot.html)"
66.249.64.179 - - [02/Jan/2015:21:51:44 -0500] "GET /feed/ HTTP/1.1" 304 188 "-" "Mozilla/5.0 (compatible; Googlebot/2.1; +http://www.google.com/bot.html)"
180.76.4.140 - - [02/Jan/2015:22:10:40 -0500] "GET / HTTP/1.1" 301 294 "-" "Mozilla/4.0 (compatible; MSIE 7.0; Windows NT 6.0)"
180.76.5.145 - - [02/Jan/2015:22:13:13 -0500] "GET /robots.txt HTTP/1.1" 200 370 "-" "Mozilla/5.0 (Windows NT 5.1; rv:6.0.2) Gecko/20100101 Firefox/6.0.2"
175.44.5.57 - - [02/Jan/2015:22:15:48 -0500] "GET /en/2007/05/31/instalando-e-usando-o-xampp/ HTTP/1.1" 404 19791 "-" "Mozilla/4.0 (compatible; MSIE 6.0; Windows NT 5.1; SV1)"
216.92.155.49 - - [02/Jan/2015:22:19:11 -0500] "POST /wp-cron.php?doing_wp_cron=1420255151.0980949401855468750000 HTTP/1.0" 200 124 "-" "WordPress/4.0.1; http://jonathas.com"
193.104.41.186 - - [02/Jan/2015:22:19:10 -0500] "GET /wp-login.php HTTP/1.1" 200 5411 "-" "Mozilla/5.0 (Windows NT 5.1; rv:29.0) Gecko/20100101 Firefox/29.0"
193.104.41.186 - - [02/Jan/2015:22:19:12 -0500] "POST /wp-login.php HTTP/1.1" 200 6348 "-" "Mozilla/5.0 (Windows NT 5.1; rv:29.0) Gecko/20100101 Firefox/29.0"
146.0.77.95 - - [02/Jan/2015:22:19:43 -0500] "GET /wp-login.php HTTP/1.1" 200 5411 "-" "Mozilla/4.0"
146.0.77.95 - - [02/Jan/2015:22:19:44 -0500] "POST /wp-login.php HTTP/1.1" 200 6240 "http://jonathas.com/wp-login.php" "Mozilla/4.0"
193.104.41.186 - - [02/Jan/2015:22:24:19 -0500] "GET /wp-login.php HTTP/1.1" 200 5411 "-" "Mozilla/5.0 (Windows NT 5.1; rv:29.0) Gecko/20100101 Firefox/29.0"
193.104.41.186 - - [02/Jan/2015:22:24:20 -0500] "POST /wp-login.php HTTP/1.1" 200 6348 "-" "Mozilla/5.0 (Windows NT 5.1; rv:29.0) Gecko/20100101 Firefox/29.0"
193.104.41.186 - - [02/Jan/2015:22:44:37 -0500] "GET /wp-login.php HTTP/1.1" 200 5411 "-" "Mozilla/5.0 (Windows NT 5.1; rv:29.0) Gecko/20100101 Firefox/29.0"
193.104.41.186 - - [02/Jan/2015:22:44:38 -0500] "POST /wp-login.php HTTP/1.1" 200 6348 "-" "Mozilla/5.0 (Windows NT 5.1; rv:29.0) Gecko/20100101 Firefox/29.0"
66.249.64.179 - - [02/Jan/2015:22:46:35 -0500] "GET /feed/ HTTP/1.1" 304 188 "-" "Mozilla/5.0 (compatible; Googlebot/2.1; +http://www.google.com/bot.html)"
66.249.64.171 - - [02/Jan/2015:22:54:39 -0500] "GET /feed/ HTTP/1.1" 304 188 "-" "Mozilla/5.0 (compatible; Googlebot/2.1; +http://www.google.com/bot.html)"
180.76.6.36 - - [02/Jan/2015:23:00:57 -0500] "GET /cv/cv_public_en_Jonathas.pdf HTTP/1.1" 200 95270 "-" "Mozilla/5.0 (compatible; Baiduspider/2.0; +http://www.baidu.com/search/spider.html)"
207.198.112.67 - - [02/Jan/2015:23:01:19 -0500] "GET /wp-content/uploads/2014/08/micropag_01.png HTTP/1.1" 200 81643 "-" "Photon/1.0"
207.198.112.61 - - [02/Jan/2015:23:01:30 -0500] "GET /wp-content/uploads/2010/10/myth2.jpg HTTP/1.1" 200 175967 "-" "Photon/1.0"
146.0.73.156 - - [02/Jan/2015:23:15:46 -0500] "GET /wp-login.php HTTP/1.1" 200 5411 "-" "Mozilla/4.0"
146.0.73.156 - - [02/Jan/2015:23:15:47 -0500] "POST /wp-login.php HTTP/1.1" 200 6240 "http://jonathas.com/wp-login.php" "Mozilla/4.0"
216.92.155.49 - - [02/Jan/2015:23:20:07 -0500] "POST /wp-cron.php?doing_wp_cron=1420258807.1459250450134277343750 HTTP/1.0" 200 124 "-" "WordPress/4.0.1; http://jonathas.com"
193.104.41.186 - - [02/Jan/2015:23:20:06 -0500] "POST /wp-login.php HTTP/1.1" 200 5632 "-" "Mozilla/5.0 (Windows NT 5.1; rv:29.0) Gecko/20100101 Firefox/29.0"
193.104.41.186 - - [02/Jan/2015:23:25:11 -0500] "GET /wp-login.php HTTP/1.1" 200 5411 "-" "Mozilla/5.0 (Windows NT 5.1; rv:29.0) Gecko/20100101 Firefox/29.0"
193.104.41.186 - - [02/Jan/2015:23:25:12 -0500] "POST /wp-login.php HTTP/1.1" 200 6348 "-" "Mozilla/5.0 (Windows NT 5.1; rv:29.0) Gecko/20100101 Firefox/29.0"
180.76.5.64 - - [02/Jan/2015:23:37:10 -0500] "GET /tag/ruby-on-rails/feed/ HTTP/1.1" 200 3211 "-" "Mozilla/5.0 (compatible; Baiduspider/2.0; +http://www.baidu.com/search/spider.html)"
193.104.41.186 - - [02/Jan/2015:23:40:25 -0500] "POST /wp-login.php HTTP/1.1" 200 5632 "-" "Mozilla/5.0 (Windows NT 5.1; rv:29.0) Gecko/20100101 Firefox/29.0"
66.249.64.179 - - [02/Jan/2015:23:44:26 -0500] "GET /feed/ HTTP/1.1" 304 188 "-" "Mozilla/5.0 (compatible; Googlebot/2.1; +http://www.google.com/bot.html)"
180.76.4.49 - - [02/Jan/2015:23:49:41 -0500] "GET / HTTP/1.1" 200 24522 "-" "Mozilla/4.0 (compatible; MSIE 7.0; Windows NT 6.0)"
188.163.82.160 - - [02/Jan/2015:23:50:19 -0500] "GET /wp-login.php HTTP/1.1" 200 5411 "-" "Mozilla/5.0 (Windows NT 5.1; rv:29.0) Gecko/20100101 Firefox/29.0"
188.163.82.160 - - [02/Jan/2015:23:50:20 -0500] "POST /wp-login.php HTTP/1.1" 200 6295 "-" "Mozilla/5.0 (Windows NT 5.1; rv:29.0) Gecko/20100101 Firefox/29.0"
66.249.64.175 - - [02/Jan/2015:23:51:51 -0500] "GET /feed/ HTTP/1.1" 304 188 "-" "Mozilla/5.0 (compatible; Googlebot/2.1; +http://www.google.com/bot.html)"
193.104.41.186 - - [03/Jan/2015:00:00:32 -0500] "POST /wp-login.php HTTP/1.1" 200 5632 "-" "Mozilla/5.0 (Windows NT 5.1; rv:29.0) Gecko/20100101 Firefox/29.0"
